[2026-05-09T22:12:56Z] === ENRICH ITERATION 1 START | repo=colin-kiegel/rust-derive-builder sha=5705f00f ===
[2026-05-09T22:12:56Z] [iter=1] PHASE START: enrich repo=colin-kiegel/rust-derive-builder sha=5705f00f runlog=/home/runner/work/forx/forx/storage/aggregate/lsp/logs/5705f00f-enrich-iter-001.log output=/home/runner/work/forx/forx/storage/aggregate/lsp/5705f00f23e3bd77c453a1c0bbd3de34b572b049.nq.gz
[2026-05-09T22:12:56Z] [iter=1] Step 1: Loading AST into disk-backed store mem_mb=76 MB
[2026-05-09T22:12:58Z] [iter=1] AST store loaded triples=193580 load_secs=1 mem_mb=372 MB
[2026-05-09T22:12:58Z] [iter=1] Step 2: Finding LSP targets mem_mb=372 MB
[2026-05-09T22:12:58Z] [iter=1] LSP targets found call_sites=1206 imports=80 extends=0 implements=8 secs=0
[2026-05-09T22:12:58Z] [iter=1] Step 2.7: Building position index (one-shot, shared across resolvers) mem_mb=372 MB
[2026-05-09T22:12:59Z] [iter=1] Position index built positions=14087 nodes_with_types=15894 secs=1 mem_mb=372 MB
[2026-05-09T22:12:59Z] [iter=1] Step 3: Starting LSP resolution mem_mb=372 MB already_completed_types=[] already_completed_files=0
[2026-05-09T22:12:59Z] [iter=1] Resolving target type target_type=call_site count=1206
[2026-05-09T22:13:31Z] [iter=1] HEARTBEAT target_type=call_site elapsed_min=0.6 files_done=1 resolved=9 errors=1 current=derive_builder_core/src/builder.rs
[2026-05-09T22:13:59Z] [iter=1] Target type resolved target_type=call_site resolved=543 errors=271 secs=60 mem_mb=372 MB
[2026-05-09T22:13:59Z] [iter=1] Resolving target type target_type=import_statement count=80
[2026-05-09T22:14:04Z] [iter=1] HEARTBEAT target_type=import_statement elapsed_min=1.1 files_done=0 resolved=0 errors=0 current=derive_builder_core/src/builder_field.rs
[2026-05-09T22:14:17Z] [iter=1] Target type resolved target_type=import_statement resolved=76 errors=0 secs=18 mem_mb=372 MB
[2026-05-09T22:14:17Z] [iter=1] Resolving target type target_type=implements_clause count=8
[2026-05-09T22:14:33Z] [iter=1] Target type resolved target_type=implements_clause resolved=8 errors=0 secs=16 mem_mb=372 MB
[2026-05-09T22:14:51Z] [iter=1] Step 5: Writing final enrichment file triples=11649
[2026-05-09T22:14:51Z] [iter=1] Enrichment file written path=/home/runner/work/forx/forx/storage/aggregate/lsp/5705f00f23e3bd77c453a1c0bbd3de34b572b049.nq.gz size_kb=226
[2026-05-09T22:14:51Z] [iter=1] PHASE END: enrich elapsed_s=115 elapsed_min=1.9 total_triples=11649
